// Jest Snapshot v1, https://goo.gl/fbAQLP

exports[`test snapshot should render Rocket Container 1`] = `
<div
  className="rockets"
/>
`;
